Last login: Mon May 15 09:11:18 on console
grc-denmark:~ hzarea$ cd desktop
grc-denmark:desktop hzarea$ cd 338_02_zarea_final
grc-denmark:338_02_zarea_final hzarea$ git init
Initialized empty Git repository in /Users/hzarea/Desktop/338_02_zarea_final/.git/
grc-denmark:338_02_zarea_final hzarea$ git add -A
grc-denmark:338_02_zarea_final hzarea$ git status
On branch master

Initial commit

Changes to be committed:
  (use "git rm --cached <file>..." to unstage)

	new file:   .DS_Store
	new file:   Images/.DS_Store
	new file:   Images/apple_pb_oats.png
	new file:   Images/avo_beet_sweetpotato_bowl.png
	new file:   Images/avocado_beet_salad.png
	new file:   Images/avocado_blackbeanpasta_salad.png
	new file:   Images/avocado_toast_tomato_lettuce.png
	new file:   Images/banana_coconut_oats.png
	new file:   Images/banana_pancakes.png
	new file:   Images/berry_coconut_chiapudding.png
	new file:   Images/blackberry_chia_oats.png
	new file:   Images/blue_scones.png
	new file:   Images/burrito_bowl.png
	new file:   Images/cashew_sauce_pasta.png
	new file:   Images/cauli_rice_sweetpotato_beans_kale.png
	new file:   Images/chocolate_nicecream_bowl.png
	new file:   Images/curry_flatbread.png
	new file:   Images/danish_muesli.png
	new file:   Images/eggplant_parm.png
	new file:   Images/hummus_salad.png
	new file:   Images/hummus_toast_kiwi.png
	new file:   Images/ikea_veggies.png
	new file:   Images/logo.ai
	new file:   Images/logo.png
	new file:   Images/mango_chia_coconut_oats.png
	new file:   Images/mango_coconut_sorbet.png
	new file:   Images/mixed_berry_chia_oats.png
	new file:   Images/mixed_berry_coconut_oats.png
	new file:   Images/parsley_avo_toast.png
	new file:   Images/pumpkin_oats.png
	new file:   Images/pumpkin_seed_salad.png
	new file:   Images/rice_sweetpotato_veggie_bowl.png
	new file:   Images/sweetpotato_fries_salad.png
	new file:   Images/tempeh_sweetpotato_bowl.png
	new file:   Images/tofu_steak_bowl.png
	new file:   Images/tortilla_pizza.png
	new file:   Images/turmeric_banana_oats.png
	new file:   Images/veggie_tacos_beans.png
	new file:   Images/zoodles_cheesy_polenta.png
	new file:   index.html
	new file:   leavemeascone.sketch
	new file:   main.css

grc-denmark:338_02_zarea_final hzarea$ git commit -m "Create repo from files I worked on at home"
[master (root-commit) c53efdb] Create repo from files I worked on at home
 42 files changed, 6378 insertions(+)
 create mode 100644 .DS_Store
 create mode 100644 Images/.DS_Store
 create mode 100644 Images/apple_pb_oats.png
 create mode 100644 Images/avo_beet_sweetpotato_bowl.png
 create mode 100644 Images/avocado_beet_salad.png
 create mode 100644 Images/avocado_blackbeanpasta_salad.png
 create mode 100644 Images/avocado_toast_tomato_lettuce.png
 create mode 100644 Images/banana_coconut_oats.png
 create mode 100644 Images/banana_pancakes.png
 create mode 100644 Images/berry_coconut_chiapudding.png
 create mode 100644 Images/blackberry_chia_oats.png
 create mode 100644 Images/blue_scones.png
 create mode 100644 Images/burrito_bowl.png
 create mode 100644 Images/cashew_sauce_pasta.png
 create mode 100644 Images/cauli_rice_sweetpotato_beans_kale.png
 create mode 100644 Images/chocolate_nicecream_bowl.png
 create mode 100644 Images/curry_flatbread.png
 create mode 100644 Images/danish_muesli.png
 create mode 100644 Images/eggplant_parm.png
 create mode 100644 Images/hummus_salad.png
 create mode 100644 Images/hummus_toast_kiwi.png
 create mode 100644 Images/ikea_veggies.png
 create mode 100644 Images/logo.ai
 create mode 100644 Images/logo.png
 create mode 100644 Images/mango_chia_coconut_oats.png
 create mode 100644 Images/mango_coconut_sorbet.png
 create mode 100644 Images/mixed_berry_chia_oats.png
 create mode 100644 Images/mixed_berry_coconut_oats.png
 create mode 100644 Images/parsley_avo_toast.png
 create mode 100644 Images/pumpkin_oats.png
 create mode 100644 Images/pumpkin_seed_salad.png
 create mode 100644 Images/rice_sweetpotato_veggie_bowl.png
 create mode 100644 Images/sweetpotato_fries_salad.png
 create mode 100644 Images/tempeh_sweetpotato_bowl.png
 create mode 100644 Images/tofu_steak_bowl.png
 create mode 100644 Images/tortilla_pizza.png
 create mode 100644 Images/turmeric_banana_oats.png
 create mode 100644 Images/veggie_tacos_beans.png
 create mode 100644 Images/zoodles_cheesy_polenta.png
 create mode 100644 index.html
 create mode 100644 leavemeascone.sketch
 create mode 100644 main.css
grc-denmark:338_02_zarea_final hzarea$ git push
fatal: No configured push destination.
Either specify the URL from the command-line or configure a remote repository using

    git remote add <name> <url>

and then push using the remote name

    git push <name>

grc-denmark:338_02_zarea_final hzarea$ git log
commit c53efdb7b3538beb662c6bf4f1a2b6b050eecf97
Author: hanazarea <hzarea@calpoly.edu>
Date:   Mon May 15 09:19:10 2017 -0700

    Create repo from files I worked on at home
grc-denmark:338_02_zarea_final hzarea$ git remote add origin https://github.com/hanazarea/338_02_zarea_final.git
grc-denmark:338_02_zarea_final hzarea$ git push -u origin master
Counting objects: 45, done.
Delta compression using up to 4 threads.
Compressing objects: 100% (44/44), done.
Writing objects: 100% (45/45), 76.79 MiB | 16.89 MiB/s, done.
Total 45 (delta 1), reused 0 (delta 0)
remote: Resolving deltas: 100% (1/1), done.
To https://github.com/hanazarea/338_02_zarea_final.git
 * [new branch]      master -> master
Branch master set up to track remote branch master from origin.
grc-denmark:338_02_zarea_final hzarea$ git commit -am "convert photos for home page"
[master 25e3cdf] convert photos for home page
 7 files changed, 25 insertions(+), 22 deletions(-)
 delete mode 100644 Images/apple_pb_oats.png
 delete mode 100644 Images/avo_beet_sweetpotato_bowl.png
 rewrite Images/avocado_toast_tomato_lettuce.png (89%)
 rewrite Images/logo.png (99%)
 rewrite index.html (68%)
grc-denmark:338_02_zarea_final hzarea$ git status
On branch master
Your branch is ahead of 'origin/master' by 1 commit.
  (use "git push" to publish your local commits)
Untracked files:
  (use "git add <file>..." to include in what will be committed)

	Images/jpg/
	Images/original/
	about_me.html

nothing added to commit but untracked files present (use "git add" to track)
grc-denmark:338_02_zarea_final hzarea$ git add -A
grc-denmark:338_02_zarea_final hzarea$ git status
On branch master
Your branch is ahead of 'origin/master' by 1 commit.
  (use "git push" to publish your local commits)
Changes to be committed:
  (use "git reset HEAD <file>..." to unstage)

	new file:   Images/jpg/.DS_Store
	new file:   Images/jpg/apple_pb_oats.jpg
	new file:   Images/jpg/avo_beet_sweetpotato_bowl.jpg
	new file:   Images/jpg/avocado_toast_tomato_lettuce.jpg
	new file:   Images/jpg/blue_scones.jpg
	new file:   Images/original/.DS_Store
	new file:   Images/original/apple_pb_oats.png
	new file:   Images/original/avo_beet_sweetpotato_bowl.png
	new file:   Images/original/avocado_toast_tomato_lettuce copy.png
	new file:   about_me.html

grc-denmark:338_02_zarea_final hzarea$ git commit -m "add image files"
[master c805d34] add image files
 10 files changed, 10 insertions(+)
 create mode 100644 Images/jpg/.DS_Store
 create mode 100644 Images/jpg/apple_pb_oats.jpg
 create mode 100644 Images/jpg/avo_beet_sweetpotato_bowl.jpg
 create mode 100644 Images/jpg/avocado_toast_tomato_lettuce.jpg
 create mode 100644 Images/jpg/blue_scones.jpg
 create mode 100644 Images/original/.DS_Store
 create mode 100644 Images/original/apple_pb_oats.png
 create mode 100644 Images/original/avo_beet_sweetpotato_bowl.png
 create mode 100644 Images/original/avocado_toast_tomato_lettuce copy.png
 create mode 100644 about_me.html
grc-denmark:338_02_zarea_final hzarea$ git status
On branch master
Your branch is ahead of 'origin/master' by 2 commits.
  (use "git push" to publish your local commits)
nothing to commit, working tree clean
grc-denmark:338_02_zarea_final hzarea$ git log
commit c805d34f45b79cb7728d38e21acff4ee935f50c0
Author: hanazarea <hzarea@calpoly.edu>
Date:   Mon May 15 10:22:23 2017 -0700

    add image files

commit 25e3cdf4981e881a0376e15c14e98ee250eb3cab
Author: hanazarea <hzarea@calpoly.edu>
Date:   Mon May 15 10:21:38 2017 -0700

    convert photos for home page

commit c53efdb7b3538beb662c6bf4f1a2b6b050eecf97
Author: hanazarea <hzarea@calpoly.edu>
Date:   Mon May 15 09:19:10 2017 -0700

    Create repo from files I worked on at home
grc-denmark:338_02_zarea_final hzarea$ git status
On branch master
Your branch is ahead of 'origin/master' by 2 commits.
  (use "git push" to publish your local commits)
Changes not staged for commit:
  (use "git add <file>..." to update what will be committed)
  (use "git checkout -- <file>..." to discard changes in working directory)

	modified:   index.html

Untracked files:
  (use "git add <file>..." to include in what will be committed)

	contact.html
	recipes.html

no changes added to commit (use "git add" and/or "git commit -a")
grc-denmark:338_02_zarea_final hzarea$ git add -a
error: unknown switch `a'
usage: git add [<options>] [--] <pathspec>...

    -n, --dry-run         dry run
    -v, --verbose         be verbose

    -i, --interactive     interactive picking
    -p, --patch           select hunks interactively
    -e, --edit            edit current diff and apply
    -f, --force           allow adding otherwise ignored files
    -u, --update          update tracked files
    -N, --intent-to-add   record only the fact that the path will be added later
    -A, --all             add changes from all tracked and untracked files
    --ignore-removal      ignore paths removed in the working tree (same as --no-all)
    --refresh             don't add, only refresh the index
    --ignore-errors       just skip files which cannot be added because of errors
    --ignore-missing      check if - even missing - files are ignored in dry run
    --chmod <(+/-)x>      override the executable bit of the listed files

grc-denmark:338_02_zarea_final hzarea$ git add
Nothing specified, nothing added.
Maybe you wanted to say 'git add .'?
grc-denmark:338_02_zarea_final hzarea$ git add -A
grc-denmark:338_02_zarea_final hzarea$ git status
On branch master
Your branch is ahead of 'origin/master' by 2 commits.
  (use "git push" to publish your local commits)
Changes to be committed:
  (use "git reset HEAD <file>..." to unstage)

	new file:   contact.html
	modified:   index.html
	new file:   recipes.html

grc-denmark:338_02_zarea_final hzarea$ git -m "add 3 new html pages"
Unknown option: -m
usage: git [--version] [--help] [-C <path>] [-c name=value]
           [--exec-path[=<path>]] [--html-path] [--man-path] [--info-path]
           [-p | --paginate | --no-pager] [--no-replace-objects] [--bare]
           [--git-dir=<path>] [--work-tree=<path>] [--namespace=<name>]
           <command> [<args>]
grc-denmark:338_02_zarea_final hzarea$ git staus
git: 'staus' is not a git command. See 'git --help'.

Did you mean this?
	status
grc-denmark:338_02_zarea_final hzarea$ git log
commit c805d34f45b79cb7728d38e21acff4ee935f50c0
Author: hanazarea <hzarea@calpoly.edu>
Date:   Mon May 15 10:22:23 2017 -0700

    add image files

commit 25e3cdf4981e881a0376e15c14e98ee250eb3cab
Author: hanazarea <hzarea@calpoly.edu>
Date:   Mon May 15 10:21:38 2017 -0700

    convert photos for home page

commit c53efdb7b3538beb662c6bf4f1a2b6b050eecf97
Author: hanazarea <hzarea@calpoly.edu>
Date:   Mon May 15 09:19:10 2017 -0700

    Create repo from files I worked on at home
grc-denmark:338_02_zarea_final hzarea$ git commit -m "add html files"
[master b24af84] add html files
 3 files changed, 24 insertions(+), 2 deletions(-)
 create mode 100644 contact.html
 create mode 100644 recipes.html
grc-denmark:338_02_zarea_final hzarea$ git log
commit b24af84f181046c734d1356338c2b39bdec61ef1
Author: hanazarea <hzarea@calpoly.edu>
Date:   Mon May 15 10:27:35 2017 -0700

    add html files

commit c805d34f45b79cb7728d38e21acff4ee935f50c0
Author: hanazarea <hzarea@calpoly.edu>
Date:   Mon May 15 10:22:23 2017 -0700

    add image files

commit 25e3cdf4981e881a0376e15c14e98ee250eb3cab
Author: hanazarea <hzarea@calpoly.edu>
Date:   Mon May 15 10:21:38 2017 -0700

    convert photos for home page

commit c53efdb7b3538beb662c6bf4f1a2b6b050eecf97
Author: hanazarea <hzarea@calpoly.edu>
Date:   Mon May 15 09:19:10 2017 -0700

    Create repo from files I worked on at home
grc-denmark:338_02_zarea_final hzarea$ git commit -am "work on nav bar"
[master 564f366] work on nav bar
 2 files changed, 54 insertions(+), 8 deletions(-)
grc-denmark:338_02_zarea_final hzarea$ git log
commit 564f366750855f75fa17f2d4738e0262fc14e9b6
Author: hanazarea <hzarea@calpoly.edu>
Date:   Mon May 15 11:37:21 2017 -0700

    work on nav bar

commit b24af84f181046c734d1356338c2b39bdec61ef1
Author: hanazarea <hzarea@calpoly.edu>
Date:   Mon May 15 10:27:35 2017 -0700

    add html files

commit c805d34f45b79cb7728d38e21acff4ee935f50c0
Author: hanazarea <hzarea@calpoly.edu>
Date:   Mon May 15 10:22:23 2017 -0700

    add image files

commit 25e3cdf4981e881a0376e15c14e98ee250eb3cab
Author: hanazarea <hzarea@calpoly.edu>
Date:   Mon May 15 10:21:38 2017 -0700

    convert photos for home page

grc-denmark:338_02_zarea_final hzarea$ git push
Counting objects: 29, done.
Delta compression using up to 4 threads.
Compressing objects: 100% (29/29), done.
Writing objects: 100% (29/29), 1.78 MiB | 1.89 MiB/s, done.
Total 29 (delta 12), reused 0 (delta 0)
remote: Resolving deltas: 100% (12/12), completed with 3 local objects.
To https://github.com/hanazarea/338_02_zarea_final.git
   c53efdb..564f366  master -> master
grc-denmark:338_02_zarea_final hzarea$ git commit -am "center photos and try to align nav bar"
[master 6da3adc] center photos and try to align nav bar
 2 files changed, 17 insertions(+), 5 deletions(-)
grc-denmark:338_02_zarea_final hzarea$ git push
Counting objects: 4, done.
Delta compression using up to 4 threads.
Compressing objects: 100% (4/4), done.
Writing objects: 100% (4/4), 624 bytes | 0 bytes/s, done.
Total 4 (delta 3), reused 0 (delta 0)
remote: Resolving deltas: 100% (3/3), completed with 3 local objects.
To https://github.com/hanazarea/338_02_zarea_final.git
   564f366..6da3adc  master -> master
grc-denmark:338_02_zarea_final hzarea$ git commit -am 
error: switch `m' requires a value
usage: git commit [<options>] [--] <pathspec>...

    -q, --quiet           suppress summary after successful commit
    -v, --verbose         show diff in commit message template

Commit message options
    -F, --file <file>     read message from file
    --author <author>     override author for commit
    --date <date>         override date for commit
    -m, --message <message>
                          commit message
    -c, --reedit-message <commit>
                          reuse and edit message from specified commit
    -C, --reuse-message <commit>
                          reuse message from specified commit
    --fixup <commit>      use autosquash formatted message to fixup specified commit
    --squash <commit>     use autosquash formatted message to squash specified commit
    --reset-author        the commit is authored by me now (used with -C/-c/--amend)
    -s, --signoff         add Signed-off-by:
    -t, --template <file>
                          use specified template file
    -e, --edit            force edit of commit
    --cleanup <default>   how to strip spaces and #comments from message
    --status              include status in commit message template
    -S, --gpg-sign[=<key-id>]
                          GPG sign commit

Commit contents options
    -a, --all             commit all changed files
    -i, --include         add specified files to index for commit
    --interactive         interactively add files
    -p, --patch           interactively add changes
    -o, --only            commit only specified files
    -n, --no-verify       bypass pre-commit and commit-msg hooks
    --dry-run             show what would be committed
    --short               show status concisely
    --branch              show branch information
    --porcelain           machine-readable output
    --long                show status in long format (default)
    -z, --null            terminate entries with NUL
    --amend               amend previous commit
    --no-post-rewrite     bypass post-rewrite hook
    -u, --untracked-files[=<mode>]
                          show untracked files, optional modes: all, normal, no. (Default: all)

grc-denmark:338_02_zarea_final hzarea$ git commit -am "update links on other pages"
[master 7234ee0] update links on other pages
 3 files changed, 80 insertions(+), 1 deletion(-)
grc-denmark:338_02_zarea_final hzarea$ git push
Counting objects: 4, done.
Delta compression using up to 4 threads.
Compressing objects: 100% (4/4), done.
Writing objects: 100% (4/4), 671 bytes | 0 bytes/s, done.
Total 4 (delta 2), reused 0 (delta 0)
remote: Resolving deltas: 100% (2/2), completed with 1 local object.
To https://github.com/hanazarea/338_02_zarea_final.git
   6da3adc..7234ee0  master -> master
grc-denmark:338_02_zarea_final hzarea$ 
